
==============================================================================
V1  命题 pr:cumulant —— ln φ 的 Taylor 系数即各阶累积量
==============================================================================
  [PASS] V1.1      lnφ 的 x^1 系数×1! 减去标准累积量
  [PASS] V1.2      lnφ 的 x^2 系数×2! 减去标准累积量
  [PASS] V1.3      lnφ 的 x^3 系数×3! 减去标准累积量
  [PASS] V1.4      lnφ 的 x^4 系数×4! 减去标准累积量
  [PASS] V1.B1     Bernoulli κ1 = p
  [PASS] V1.B2     Bernoulli κ2 = p(1-p)
  [PASS] V1.B3     Bernoulli κ3 = p(1-p)(1-2p)
  [PASS] V1.B4     Bernoulli κ4 = p(1-p)(1-6p(1-p))

==============================================================================
V2  命题 pr:cumulant —— i^n 的奇偶分装（Re 只含偶阶、Im 只含奇阶）
==============================================================================
  [PASS] V2.i1     i^1 为纯虚
  [PASS] V2.i2     i^2 为实数
  [PASS] V2.i3     i^3 为纯虚
  [PASS] V2.i4     i^4 为实数
  [PASS] V2.i5     i^5 为纯虚
  [PASS] V2.i6     i^6 为实数
  [PASS] V2.I1     奇阶项只进虚部
  [PASS] V2.R2     偶阶项只进实部
  [PASS] V2.I3     奇阶项只进虚部
  [PASS] V2.R4     偶阶项只进实部
  [PASS] V2.I5     奇阶项只进虚部

==============================================================================
V3  注记 rm:nomodulus —— -ln|φ| = -(ln φ + ln φ(-k))/2 = -Re ln φ
==============================================================================
  [PASS] V3.1      -ln|φ| 与 -Re ln φ 之差
  [PASS] V3.2a     ∂_t(−ln|φ|)·(A²+B²) = −(AȦ+BḂ)
  [PASS] V3.2b     Re[(Ȧ+iḂ)(A−iB)] = AȦ+BḂ   （与 V3.2a 的符号函数形式同一步）
  [PASS] V3.2c     分母 (A+iB)(A−iB) = A²+B² 为实数
        V3.2a-c 合起来给出 ∂_t(−ln|φ|) = −Re(φ̇/φ)，即论文的 Ḣ = −Re K。

==============================================================================
V4  定理 th:Hdot —— ⟨v, ġv⟩/⟨v,v⟩ = λ̇（对称 2×2，符号化）
==============================================================================
  [PASS] V4.1      ⟨v, ġv⟩/⟨v,v⟩ − dλ/dt
  [PASS] V4.2      -σ̇/σ 与 -λ̇/(2λ) 之差
  [PASS] V4.3      ⟨v,v̇⟩ = 0（交叉项消失的前提）
  [PASS] V4.4.0    3×3：⟨v, ġv⟩/⟨v,v⟩ = dλ_i/dt（数值抽查）
  [PASS] V4.4.1    3×3：⟨v, ġv⟩/⟨v,v⟩ = dλ_i/dt（数值抽查）
  [PASS] V4.4.2    3×3：⟨v, ġv⟩/⟨v,v⟩ = dλ_i/dt（数值抽查）
        （V4.4 为数值抽查；符号化的精确判定由 V4.1 在 2×2 上给出。
          该恒等式对任意维数的实对称矩阵成立，2×2 的推导逐字适用于一般情形。）

==============================================================================
V5  定义 df:rules / §5.1 —— 三族求积规则的矩精确匹配
==============================================================================
  [PASS] V5.5p.1   等距五点族 μ1=0
  [PASS] V5.5p.2   等距五点族 μ2=1
  [PASS] V5.5p.3   等距五点族 μ3=γ
  [PASS] V5.5p.4   等距五点族 μ4=3
  [PASS] V5.5p.k4  等距五点族 κ4 = μ4−3μ2² = 0
  [PASS] V5.5p.5   等距五点族 μ5 = 5γ（规则只到四阶精确，五阶不匹配）
        注：该规则对 μ1–μ4 精确匹配，但 μ5 = 5γ ≠ 0。论文只主张 κ4≡0，
            未主张五阶以上为零，故不受影响；但族名不宜读作“高于四阶也是高斯”。
  [PASS] V5.3p.1   三点偏斜族 μ1 = 0
  [PASS] V5.3p.2   三点偏斜族 μ2 = 1
  [PASS] V5.3p.n1  左节点 ≈ −1.6036   得到 -1.603567451，论文 -1.6036，容差 0.0001
  [PASS] V5.3p.n2  右节点 ≈ 0.8909   得到 0.8908708064，论文 0.8909，容差 0.0001
  [PASS] V5.3p.k3  κ3 ≈ −0.713（论文 §5.1）   得到 -0.7126966451，论文 -0.713，容差 0.001
  [PASS] V5.3p.k4  κ4 ≈ −1.063（论文 §5.1）   得到 -1.063492063，论文 -1.063，容差 0.001
  [PASS] V5.3p.M1  镜像 μ1 不变
  [PASS] V5.3p.M2  镜像 μ2 不变
  [PASS] V5.3p.M3  镜像 μ3 反号
  [PASS] V5.3p.M4  镜像 μ4 不变
  [PASS] V5.3p.M4c 镜像 κ4 不变
  [PASS] V5.5p.M2  五点族镜像 μ2 不变
  [PASS] V5.5p.M3  五点族镜像 μ3 反号
  [PASS] V5.5p.M4  五点族镜像 μ4 不变

==============================================================================
V6  定义 df:mirror —— X' = 2μ − X ⟹ φ'(k) = e^{2ikμ} conj(φ(k))、|φ'| ≡ |φ|
==============================================================================
  [PASS] V6.1      φ'(k) / [e^{2ikμ}·conj(φ(k))] ≡ 1   化简结果 = 1
  [PASS] V6.2      |e^{2ikμ}| = 1（μ 实）
        V6.1 与 V6.2 合起来给出 |φ'| ≡ |φ|：φ' = e^{2ikμ}·conj(φ)，
        而 |conj(φ)| = |φ|、|e^{2ikμ}| = 1。

==============================================================================
V7  命题 th:split / th:chain —— ε 幂次记账与余项阶
==============================================================================
  [PASS] V7.inv    σ^{−2} 的 ε 幂次 = −2   指数 = -2
  [PASS] V7.odd    奇支领头 m=3：ε^{3}·ε^{−2} = ε^{1}
  [PASS] V7.even   偶支领头 m=4：ε^{4}·ε^{−2} = ε^{2}
  [PASS] V7.odd_next 奇支次项 m=5 ⟹ 余项 O(ε^3)
  [PASS] V7.even_next 偶支次项 m=6 ⟹ 余项 O(ε^4)

==============================================================================
V8  命题 th:chain —— M4 = g·g + Λ 中 “g g” 的含义
==============================================================================
  [PASS] V8.1      一维 M4 − Λ = 3g²
  [PASS] V8.2      把 “g g” 读作 g·g 会得 M4−Λ = g²，与高斯情形 3g² 矛盾   3g² − g² = 2*g**2 ≠ 0（g>0）
        判定：三维的“g g”必须读作三项对称化 g_ij g_kl + g_ik g_jl + g_il g_jk；
        一维退化即 3g²，与高斯情形 M4 = 3σ⁴ 一致。论文 §3 命题 th:chain 的
        式 (eq:sg) 已给出该三项对称化的显式定义 S(g)。

==============================================================================
V9  数值复核（与符号结论独立）
==============================================================================
  [PASS] V9.1      |ΔIm K|/|ΔRe K| 落在 1650–1750（论文“约 1700 倍”）   比值 = 1704.55

==============================================================================
全部通过（SymPy 1.14.0）
